// Jest Snapshot v1, https://goo.gl/fbAQLP

exports[`<ContentPlaceholder> that renders a content placeholder should render default placeholder 1`] = `
<div>
  <div
    class="ContentPlaceholder"
    style="animation-duration: 1s;"
  >
    Â 
    <div
      class="ContentPlaceholder__mask"
      style="width: 0%;"
    />
  </div>
</div>
`;
