// Jest Snapshot v1, https://goo.gl/fbAQLP

exports[`<Tabs> that renders tab container with some tabs should render simple tabs 1`] = `
<div>
  <div
    class="TabMenu"
    role="tablist"
  >
    <a
      aria-selected="true"
      class="TabItem TabItem--isActive"
      href="#"
      id="1"
      role="tab"
      tabindex="0"
    >
      First
    </a>
    <a
      aria-selected="false"
      class="TabItem"
      href="#"
      id="2"
      role="tab"
      tabindex="0"
    >
      Second
    </a>
  </div>
  <div
    aria-labelledby="1"
    class="TabContent"
    role="tabpanel"
  >
    Some content
  </div>
</div>
`;
