// Jest Snapshot v1, https://goo.gl/fbAQLP

exports[`List component Initial rendering should render List correctly 1`] = `
<div>
  <ul
    class="List"
    tabindex="0"
  >
    <li
      class="ListItem List__item"
    >
      <div
        class="ListItem__container"
        role="presentation"
      >
        <span>
          Item 1
        </span>
      </div>
    </li>
    <li
      class="ListItem List__item"
    >
      <div
        class="ListItem__container"
        role="presentation"
      >
        <span>
          Item 2
        </span>
      </div>
    </li>
  </ul>
</div>
`;
