// Jest Snapshot v1, https://goo.gl/fbAQLP

exports[`<CandidateAvatar> that renders a candidate profile image with match indication should render a default avatar 1`] = `
<div>
  <div
    class="CandidateAvatar"
    style="width: 72px; height: 72px;"
  >
    <div
      class="CandidateAvatar__image"
      style="background-image: url(null);"
    />
    <svg
      class="CandidateAvatar__ring"
      style="width: 72px; height: 72px;"
    />
  </div>
</div>
`;
