// Jest Snapshot v1, https://goo.gl/fbAQLP

exports[`Callout should render correctly 1`] = `
<div
  className="Callout Callout--context_info"
>
  <div
    className="Callout__content"
  >
    some text
  </div>
</div>
`;
