// Jest Snapshot v1, https://goo.gl/fbAQLP

exports[`<Link> that renders a link should render default link correctly 1`] = `
<div>
  <a
    class="Link"
    href="https://textkernel.com"
  >
    Click me
  </a>
</div>
`;
