// Jest Snapshot v1, https://goo.gl/fbAQLP

exports[`<Tab> that renders tab content should render a tab 1`] = `
<div>
  Some content
</div>
`;
